// Jest Snapshot v1, https://goo.gl/fbAQLP

exports[`renders correctly 1`] = `
<View
  style={
    {
      "borderRadius": 36,
      "overflow": "hidden",
    }
  }
>
  <View
    accessible={true}
    collapsable={false}
    focusable={true}
    onBlur={[Function]}
    onClick={[Function]}
    onFocus={[Function]}
    onResponderGrant={[Function]}
    onResponderMove={[Function]}
    onResponderRelease={[Function]}
    onResponderTerminate={[Function]}
    onResponderTerminationRequest={[Function]}
    onStartShouldSetResponder={[Function]}
    style={
      {
        "backgroundColor": "#FFB800",
        "elevation": 2,
        "paddingHorizontal": 16,
        "paddingVertical": 16,
      }
    }
  >
    <Image
      resizeMode="center"
      source={1}
      style={
        {
          "height": 32,
          "width": 32,
        }
      }
    />
  </View>
</View>
`;
