// Jest Snapshot v1, https://goo.gl/fbAQLP

exports[`renders correctly 1`] = `
<View
  style={
    {
      "marginHorizontal": 16,
      "marginVertical": 8,
    }
  }
>
  <Text
    style={
      {
        "color": "#f5f5f5",
        "fontSize": 18,
        "marginBottom": 4,
      }
    }
  >
    abca
  </Text>
  <TextInput
    style={
      {
        "backgroundColor": "#f5f5f5",
        "borderRadius": 8,
        "elevation": 2,
        "fontSize": 18,
        "paddingHorizontal": 16,
        "paddingVertical": 8,
      }
    }
  />
</View>
`;
