// Jest Snapshot v1, https://goo.gl/fbAQLP

exports[`renders correctly 1`] = `
<View
  style={
    {
      "borderRadius": 36,
      "marginHorizontal": 16,
      "marginVertical": 8,
      "overflow": "hidden",
    }
  }
>
  <View
    accessible={true}
    collapsable={false}
    focusable={true}
    onBlur={[Function]}
    onClick={[Function]}
    onFocus={[Function]}
    onResponderGrant={[Function]}
    onResponderMove={[Function]}
    onResponderRelease={[Function]}
    onResponderTerminate={[Function]}
    onResponderTerminationRequest={[Function]}
    onStartShouldSetResponder={[Function]}
    style={
      {
        "backgroundColor": "#f5f5f5",
        "elevation": 2,
        "paddingHorizontal": 16,
        "paddingVertical": 8,
      }
    }
  >
    <Text
      style={
        {
          "color": "black",
          "fontSize": 18,
          "opacity": 54,
          "textAlign": "center",
        }
      }
    />
  </View>
</View>
`;
